// Jest Snapshot v1, https://goo.gl/fbAQLP

exports[`HeaderComponent test support snapshot 1`] = `
<app-header
  headerService={[Function Object]}
  toggleSearch="false"
>
  
  <mat-toolbar
    class="header__toolbar mat-toolbar"
  >
    
    
    <div
      class="header__toggle-button"
    >
      
        
      <button
        class="mat-icon-button"
        mat-icon-button=""
      >
        <span
          class="mat-button-wrapper"
        >
          <mat-icon
            aria-hidden="true"
            class="mat-icon"
            role="img"
          >
            menu
          </mat-icon>
        </span>
        <div
          class="mat-button-ripple mat-ripple"
          matripple=""
        />
        <div
          class="mat-button-focus-overlay"
        />
      </button>
      
    
    </div>
    
    
    <div
      class="header__right"
    >
      
        
      <a
        class="header__right__logo"
      >
        
            
        <img
          alt="My Finance"
          src="/assets/images/logo.png"
        />
        
        
      </a>
      
        
      <div
        class="header__right__search"
      >
        
            
        
        
            
        
        
            
        
          
      </div>
      
    
    </div>
    
  
  </mat-toolbar>
  
  
</app-header>
`;
